// Vitest Snapshot v1

exports[`basic > resolve pkg 1`] = `
{
  "exports": {
    ".": {
      "import": "./dist/index.mjs",
      "require": "./dist/index.cjs",
      "types": "./dist/index.d.ts",
    },
    "./button": {
      "import": "./dist/button/index.mjs",
      "require": "./dist/button/index.cjs",
      "types": "./dist/button/index.d.ts",
    },
    "./package.json": "./package.json",
  },
  "main": "dist/index.cjs",
  "module": "dist/index.mjs",
  "types": "dist/index.d.ts",
  "typesVersions": {
    "*": {
      "button": [
        "dist/button/index.d.ts",
      ],
    },
  },
}
`;
